PROMPT 11d — CORRECT VOP, LOW LEVELS, AND AUDIT MARKUP
Date: 2026-08-24

1. Initial git status --short

 A docs/bender_bettencourt_weak_drive_resummation.md
 M manuscript/manuscript.tex
 M manuscript/references.bib
 A prompt_11a_bender_bettencourt_weak_drive_resummation.log
 A prompt_11b_bessel_wkb_and_next_diagonal.log
 A prompt_11c_multiplicative_bb_iteration.log
 A prompts/prompt_11a_bender_bettencourt_weak_drive_resummation.md
 A prompts/prompt_11b_bessel_wkb_and_next_diagonal.md
 A prompts/prompt_11c_multiplicative_bb_iteration.md
 A scripts/11a_verify_weak_drive.py
 A scripts/11b_verify_bessel_wkb.py
 A scripts/11c_verify_multiplicative_bb.py
 A tests/test_11a_weak_drive.py
 A tests/test_11b_bessel_wkb.py
 A tests/test_11c_multiplicative_bb.py
?? BB.pdf
?? prompt_11a_bender_bettencourt_weak_drive_resummation.diff
?? prompt_11b_bessel_wkb_and_next_diagonal.diff
?? prompt_11c_multiplicative_bb_iteration.diff
?? prompts/prompt_11d_correct_vop_low_levels_and_audit_markup.md

All pre-existing 11a–11c changes were preserved. A snapshot of every stage-11d
target that existed after 11c was made before editing, at /tmp/prompt11d.8GYoby.

2. Standard equation for Y1 and the corrected h

Starting from

  L_b Y1 = 2 Y0' + (2N/x)Y0 + e_N^(2)Y0,
  L_b = (x^2/2)d_x^2 + (bx/2)d_x - x/2,

division by x^2/2 gives

  Y1'' + (b/x)Y1' - Y1/x = h(x),
  h(x) = 4Y0'(x)/x^2 + 4N Y0(x)/x^3
         + 2e_N^(2)Y0(x)/x^2.

The stage-11c source was larger by one factor x and was corrected everywhere
in the audit.

3. Full corrected variation-of-parameters representation

On a simply connected zero-free local domain, choose x_* != 0 and set

  u=Y0,
  v_*(x)=u(x) integral_[x_*,x] dt/[t^b u(t)^2],
  W(u,v_*)=u v_*' - u' v_*=x^(-b).

Then

  Y1(x)=C u(x)+D v_*(x)
        -u(x) integral_[x_*,x] v_*(t)h(t)t^b dt
        +v_*(x) integral_[x_*,x] u(t)h(t)t^b dt.

All signs, powers, the base point, the Wronskian, and both homogeneous
constants are now explicit.

4. Symbolic differentiation of VOP

Writing A'=-v_* h/W=-v_* h x^b and B'=u h/W=u h x^b makes
uA'+v_*B'=0. After a second differentiation, the homogeneous equations
cancel and the residual is

  h x^b (u v_*' - u'v_*) - h = h x^b x^(-b) - h = 0.

scripts/11d_verify_vop_low_levels_markup.py performs this symbolic check and
reported vop_residual = 0. It independently checked the standard source,
not by reusing the former erroneous h.

5. Multiplicative representation rederived and equivalence proved

With r=Y0'/Y0, direct substitution Y=Y0 Z in the exact dressed equation
again gives

  A_b Z - lambda^2{2Z'+2(r+N/x)Z} - Delta e Z = 0,
  A_b=(x^2/2)d_x^2+(x^2 r+bx/2)d_x.

At order lambda^2,

  A_b Z1 = 2r+2N/x+e_N^(2).

Multiplication by 2x^(b-2)Y0^2 gives, directly,

  (x^b Y0^2 Z1')'
   =2x^(b-2)Y0^2[2Y0'/Y0+2N/x+e_N^(2)].

Two integrations give the documented double-integral formula with x_* and
both homogeneous constants. Direct symbolic substitution verifies

  L_b(Y0 Z1)-2Y0'-(2N/x)Y0-e_N^(2)Y0
   =Y0[A_b Z1-2r-2N/x-e_N^(2)],

so Y1=Y0 Z1 on every applicable local chart.

6. Domains, base points, normalization, and chart transitions

The audit now distinguishes:

* the base chart connected to a punctured neighborhood of x=0, where the
  Laurent normalization can fix C,D without crossing a zero or a branch cut;
* an arbitrary local zero-free domain, with its own x_* and constants;
* transition between charts separated by zeros of Y0, performed by overlap
  conditions or analytic continuation;
* generic poles of Z1=Y1/Y0 at zeros of Y0 as factorization artifacts while
  the additive Y1 remains regular.

No global nonvanishing factorization or unique global BB hierarchy is claimed.

7. Separate second-level results for N=0, N=1, and N>=2

Let Y2=sum q_m x^m. Its coefficient equation away from m=0 is

  q_m=[q_(m-1)+2{2(m+1+N)d_(m+1)+e2 d_m+e4 a_m}]
      /[m(m+b-1)],

and the resonant equation is

  -q_(-1)/2=2(N+1)d_1+e2 d_0+e4 a_0.

The Fock lower boundary is imposed before every quotient:

* N=0: lowest state |0>, lowest m=0, q_(-2)=q_(-1)=0, and
  e_0^(4)=-2d_1. At delta=1 this gives e_0^(4)=1/3, with no 0/0.
* N=1: lowest state |0>, lowest m=-1, q_(-2)=0, and
  q_(-1)=2e_1^(2)d_(-1)/[-(b-2)] before the resonant equation.
* N>=2: lowest state |N-2>, lowest m=-2, q_(-3)=0, and the complete
  m=-2,-1 recurrence applies.

For N=0,1,2,3,4 and delta=2/3,5/4,7/5, plus N=0,delta=1, each resonant
condition reproduced the independent stage-11a e_N^(4). The physical
coefficients agreed with the independent Rayleigh–Schrodinger recurrence at
every applicable order through lambda^6; all odd energies through e^(5)
vanished. The general N>=2 recurrence was also checked symbolically in the
pre-existing 11c tests.

The helper energy4_formula was corrected to remove the nonexistent N=0 lower
channel before division. Previously it formed a spurious 0/0 specifically at
the regular point N=0,delta=1.

8. Markdown audit and repaired classes

The complete docs/bender_bettencourt_weak_drive_resummation.md and the source
prompt prompts/prompt_11c_multiplicative_bb_iteration.md were reviewed.
Repaired classes in the audit document include:

* ordinary parentheses replaced by TeX inline delimiters for mathematical
  expressions;
* restored backslashes for lambda, delta, epsilon, mathcal, left, lvert,
  rangle, cdots, and frac;
* the tab-corrupted frac12 repaired as \tfrac12;
* the exact powers x^(-2), x^(-3), and t^b in the VOP source and integrals;
* delimiters and commands in the dressed, exponential, WKB, and low-level
  passages.

Automated checks found zero tabs, zero control characters, zero suspicious
naked mathematical tokens outside TeX spans, 166 balanced inline math pairs,
and 39 balanced display pairs. The 11c source had zero tabs/control
characters and balanced delimiters (the scanner distinguishes a display
delimiter from the bracket in \left[). No Markdown renderer or repository
Markdown build tool was present, and pandoc/markdown were unavailable; the
document was therefore checked by the dedicated syntax scanner plus complete
source review.

9. Manuscript decision

The N=0 and N=1 calculations confirm the existing manuscript claim for
e_N^(4), so no mathematical qualification or new paragraph was needed.
The weak-drive content and the local/sectoral/non-global qualification were
left unchanged. Only equivalent TeX typography was changed from \over to
\frac in the weak-drive formulas to remove the actual amsmath warning.

10. Page count and PDF checks

Before stage 11d: 31 pages.
After stage 11d:  31 pages.

Canonical build command (from repository root):

  latexmk -pdf -outdir=manuscript manuscript/manuscript.tex

A forced build also reran BibTeX; the final ordinary build converged. The
canonical manuscript/manuscript.pdf has 31 pages. The final log contains no
LaTeX/package warnings, undefined references, multiply-defined references,
overfull boxes, or underfull boxes. pdftotext succeeded and exposed the
weak-drive section text. Final rendered pages 26, 27, 28, and 29 (preceding,
affected, and following pages) were visually inspected: equations, margins,
page breaks, headings, and bibliography transition are intact. The legacy
root manuscript.pdf was synchronized byte-for-byte with the canonical PDF;
cmp returned 0, so duplicate manuscript PDFs do not disagree.

11. Tests and scripts

Focused stages 11a–11d:
  19 passed in 115.00s

Full suite:
  83 passed in 228.65s

Verification scripts executed successfully:
  scripts/11a_verify_weak_drive.py
  scripts/11b_verify_bessel_wkb.py
  scripts/11c_verify_multiplicative_bb.py
  scripts/11d_verify_vop_low_levels_markup.py

Stage-11d highlights:
  standard h: independently derived and equal to the corrected source
  VOP residual: 0
  additive/multiplicative identity: 0
  N=0,b=2: e_0^(4)=1/3, no singular quotient
  S1 asymptotic regression: passed
  exact dressed equation regression: passed
  Markdown syntax/token audit: passed
  git diff --check: passed
  pdftotext: passed
  bibliography build: passed
  final PDF warning/reference/layout audit: passed

12. Stage-11d changed and created files

Changed:
  docs/bender_bettencourt_weak_drive_resummation.md
  manuscript/manuscript.tex
  scripts/11a_verify_weak_drive.py
  manuscript/manuscript.pdf (canonical rebuilt output)
  manuscript.pdf (legacy duplicate synchronized to canonical output)

Created:
  scripts/11d_verify_vop_low_levels_markup.py
  tests/test_11d_vop_low_levels_markup.py
  prompt_11d_correct_vop_low_levels_and_audit_markup.diff
  prompt_11d_correct_vop_low_levels_and_audit_markup.log

The 513-line .diff was generated only against the saved post-11c snapshot;
it does not include the accumulated 11a–11c changes.

13. Final git status --short

 A docs/bender_bettencourt_weak_drive_resummation.md
 M manuscript/manuscript.tex
 M manuscript/references.bib
 A prompt_11a_bender_bettencourt_weak_drive_resummation.log
 A prompt_11b_bessel_wkb_and_next_diagonal.log
 A prompt_11c_multiplicative_bb_iteration.log
 A prompt_11d_correct_vop_low_levels_and_audit_markup.diff
 A prompt_11d_correct_vop_low_levels_and_audit_markup.log
 A prompts/prompt_11a_bender_bettencourt_weak_drive_resummation.md
 A prompts/prompt_11b_bessel_wkb_and_next_diagonal.md
 A prompts/prompt_11c_multiplicative_bb_iteration.md
 A scripts/11a_verify_weak_drive.py
 A scripts/11b_verify_bessel_wkb.py
 A scripts/11c_verify_multiplicative_bb.py
 A scripts/11d_verify_vop_low_levels_markup.py
 A tests/test_11a_weak_drive.py
 A tests/test_11b_bessel_wkb.py
 A tests/test_11c_multiplicative_bb.py
 A tests/test_11d_vop_low_levels_markup.py
?? BB.pdf
?? prompt_11a_bender_bettencourt_weak_drive_resummation.diff
?? prompt_11b_bessel_wkb_and_next_diagonal.diff
?? prompt_11c_multiplicative_bb_iteration.diff
?? prompts/prompt_11d_correct_vop_low_levels_and_audit_markup.md

14. Final verdict

VOP CORRECTED; LOW LEVELS AND MULTIPLICATIVE BB RESULT VERIFIED
